ERROR: The process with PID 9292 (child process of PID 16776) could not be terminated.
Reason: The operation attempted is not supported.
ERROR: The process with PID 16776 (child process of PID 15920) could not be terminated.
Reason: There is no running instance of the task.
node:events:497
      throw er; // Unhandled 'error' event
      ^

Error: listen EADDRINUSE: address already in use :::3001
    at Server.setupListenHandle [as _listen2] (node:net:1940:16)
    at listenInCluster (node:net:1997:12)
    at Server.listen (node:net:2102:7)
    at Function.listen (C:\Users\jhash\openwa\node_modules\express\lib\application.js:635:24)
    at file:///C:/Users/jhash/openwa/src/main.mjs:810:5
    at ModuleJob.run (node:internal/modules/esm/module_job:343:25)
    at async onImport.tracePromise.__proto__ (node:internal/modules/esm/loader:665:26)
    at async asyncRunEntryPointWithESMLoader (node:internal/modules/run_main:117:5)
Emitted 'error' event on Server instance at:
    at emitErrorNT (node:net:1976:8)
    at process.processTicksAndRejections (node:internal/process/task_queues:90:21) {
  code: 'EADDRINUSE',
  errno: -4091,
  syscall: 'listen',
  address: '::',
  port: 3001
}

Node.js v22.21.0
